Archive member included to satisfy reference by file (symbol)

/opt/st/stm32cubeide_1.6.1_2/plugins/com.st.stm32cube.ide.mcu.externaltools.gnu-tools-for-stm32.9-2020-q2-update.linux64_1.5.0.202011040924/tools/bin/../lib/gcc/arm-none-eabi/9.3.1/../../../../arm-none-eabi/lib/thumb/v7-m/nofp/libc_nano.a(lib_a-errno.o)
                              Core/Src/syscalls.o (__errno)
/opt/st/stm32cubeide_1.6.1_2/plugins/com.st.stm32cube.ide.mcu.externaltools.gnu-tools-for-stm32.9-2020-q2-update.linux64_1.5.0.202011040924/tools/bin/../lib/gcc/arm-none-eabi/9.3.1/../../../../arm-none-eabi/lib/thumb/v7-m/nofp/libc_nano.a(lib_a-exit.o)
                              /opt/st/stm32cubeide_1.6.1_2/plugins/com.st.stm32cube.ide.mcu.externaltools.gnu-tools-for-stm32.9-2020-q2-update.linux64_1.5.0.202011040924/tools/bin/../lib/gcc/arm-none-eabi/9.3.1/../../../../arm-none-eabi/lib/thumb/v7-m/nofp/crt0.o (exit)
/opt/st/stm32cubeide_1.6.1_2/plugins/com.st.stm32cube.ide.mcu.externaltools.gnu-tools-for-stm32.9-2020-q2-update.linux64_1.5.0.202011040924/tools/bin/../lib/gcc/arm-none-eabi/9.3.1/../../../../arm-none-eabi/lib/thumb/v7-m/nofp/libc_nano.a(lib_a-impure.o)
                              /opt/st/stm32cubeide_1.6.1_2/plugins/com.st.stm32cube.ide.mcu.externaltools.gnu-tools-for-stm32.9-2020-q2-update.linux64_1.5.0.202011040924/tools/bin/../lib/gcc/arm-none-eabi/9.3.1/../../../../arm-none-eabi/lib/thumb/v7-m/nofp/libc_nano.a(lib_a-exit.o) (_global_impure_ptr)
/opt/st/stm32cubeide_1.6.1_2/plugins/com.st.stm32cube.ide.mcu.externaltools.gnu-tools-for-stm32.9-2020-q2-update.linux64_1.5.0.202011040924/tools/bin/../lib/gcc/arm-none-eabi/9.3.1/../../../../arm-none-eabi/lib/thumb/v7-m/nofp/libc_nano.a(lib_a-init.o)
                              /opt/st/stm32cubeide_1.6.1_2/plugins/com.st.stm32cube.ide.mcu.externaltools.gnu-tools-for-stm32.9-2020-q2-update.linux64_1.5.0.202011040924/tools/bin/../lib/gcc/arm-none-eabi/9.3.1/../../../../arm-none-eabi/lib/thumb/v7-m/nofp/crt0.o (__libc_init_array)
/opt/st/stm32cubeide_1.6.1_2/plugins/com.st.stm32cube.ide.mcu.externaltools.gnu-tools-for-stm32.9-2020-q2-update.linux64_1.5.0.202011040924/tools/bin/../lib/gcc/arm-none-eabi/9.3.1/../../../../arm-none-eabi/lib/thumb/v7-m/nofp/libc_nano.a(lib_a-memset.o)
                              /opt/st/stm32cubeide_1.6.1_2/plugins/com.st.stm32cube.ide.mcu.externaltools.gnu-tools-for-stm32.9-2020-q2-update.linux64_1.5.0.202011040924/tools/bin/../lib/gcc/arm-none-eabi/9.3.1/../../../../arm-none-eabi/lib/thumb/v7-m/nofp/crt0.o (memset)
/opt/st/stm32cubeide_1.6.1_2/plugins/com.st.stm32cube.ide.mcu.externaltools.gnu-tools-for-stm32.9-2020-q2-update.linux64_1.5.0.202011040924/tools/bin/../lib/gcc/arm-none-eabi/9.3.1/thumb/v7-m/nofp/libgcc.a(_arm_mulsf3.o)
                              Core/Src/MAX31865.o (__aeabi_fmul)
/opt/st/stm32cubeide_1.6.1_2/plugins/com.st.stm32cube.ide.mcu.externaltools.gnu-tools-for-stm32.9-2020-q2-update.linux64_1.5.0.202011040924/tools/bin/../lib/gcc/arm-none-eabi/9.3.1/thumb/v7-m/nofp/libgcc.a(_arm_addsubdf3.o)
                              Core/Src/MAX31865.o (__aeabi_f2d)
/opt/st/stm32cubeide_1.6.1_2/plugins/com.st.stm32cube.ide.mcu.externaltools.gnu-tools-for-stm32.9-2020-q2-update.linux64_1.5.0.202011040924/tools/bin/../lib/gcc/arm-none-eabi/9.3.1/thumb/v7-m/nofp/libgcc.a(_arm_muldivdf3.o)
                              Core/Src/MAX31865.o (__aeabi_ddiv)
/opt/st/stm32cubeide_1.6.1_2/plugins/com.st.stm32cube.ide.mcu.externaltools.gnu-tools-for-stm32.9-2020-q2-update.linux64_1.5.0.202011040924/tools/bin/../lib/gcc/arm-none-eabi/9.3.1/thumb/v7-m/nofp/libgcc.a(_arm_truncdfsf2.o)
                              Core/Src/MAX31865.o (__aeabi_d2f)
/opt/st/stm32cubeide_1.6.1_2/plugins/com.st.stm32cube.ide.mcu.externaltools.gnu-tools-for-stm32.9-2020-q2-update.linux64_1.5.0.202011040924/tools/bin/../lib/gcc/arm-none-eabi/9.3.1/thumb/v7-m/nofp/libgcc.a(_arm_addsubsf3.o)
                              Core/Src/MAX31865.o (__aeabi_fsub)
/opt/st/stm32cubeide_1.6.1_2/plugins/com.st.stm32cube.ide.mcu.externaltools.gnu-tools-for-stm32.9-2020-q2-update.linux64_1.5.0.202011040924/tools/bin/../lib/gcc/arm-none-eabi/9.3.1/thumb/v7-m/nofp/libgcc.a(_arm_muldivsf3.o)
                              Core/Src/MAX31865.o (__aeabi_fdiv)
/opt/st/stm32cubeide_1.6.1_2/plugins/com.st.stm32cube.ide.mcu.externaltools.gnu-tools-for-stm32.9-2020-q2-update.linux64_1.5.0.202011040924/tools/bin/../lib/gcc/arm-none-eabi/9.3.1/thumb/v7-m/nofp/libgcc.a(_arm_fixunssfsi.o)
                              Core/Src/main.o (__aeabi_f2uiz)

Allocating common symbols
Common symbol       size              file

sFilterConfig       0x28              Core/Src/can.o
_temp_ok            0x2               Core/Src/MAX31865.o
TxSS1               0x10              Core/Src/can.o
hcan                0x28              Core/Src/can.o
uwTick              0x4               Drivers/STM32F1xx_HAL_Driver/Src/stm32f1xx_hal.o
[...]
Memory Configuration

Name             Origin             Length             Attributes
RAM              0x0000000020000000 0x0000000000005000 xrw
FLASH            0x0000000008000000 0x0000000000010000 xr
*default*        0x0000000000000000 0xffffffffffffffff

Linker script and memory map

LOAD /opt/st/stm32cubeide_1.6.1_2/plugins/com.st.stm32cube.ide.mcu.externaltools.gnu-tools-for-stm32.9-2020-q2-update.linux64_1.5.0.202011040924/tools/bin/../lib/gcc/arm-none-eabi/9.3.1/thumb/v7-m/nofp/crti.o
LOAD /opt/st/stm32cubeide_1.6.1_2/plugins/com.st.stm32cube.ide.mcu.externaltools.gnu-tools-for-stm32.9-2020-q2-update.linux64_1.5.0.202011040924/tools/bin/../lib/gcc/arm-none-eabi/9.3.1/thumb/v7-m/nofp/crtbegin.o
LOAD /opt/st/stm32cubeide_1.6.1_2/plugins/com.st.stm32cube.ide.mcu.externaltools.gnu-tools-for-stm32.9-2020-q2-update.linux64_1.5.0.202011040924/tools/bin/../lib/gcc/arm-none-eabi/9.3.1/../../../../arm-none-eabi/lib/thumb/v7-m/nofp/crt0.o
LOAD Core/Src/MAX31865.o
LOAD Core/Src/can.o
LOAD Core/Src/gpio.o
LOAD Core/Src/main.o
LOAD Core/Src/stm32f1xx_hal_msp.o
LOAD Core/Src/stm32f1xx_it.o
LOAD Core/Src/syscalls.o
LOAD Core/Src/sysmem.o
LOAD Core/Src/system_stm32f1xx.o
LOAD Core/Startup/startup_stm32f103c8tx.o
LOAD Drivers/STM32F1xx_HAL_Driver/Src/stm32f1xx_hal.o
LOAD Drivers/STM32F1xx_HAL_Driver/Src/stm32f1xx_hal_can.o
LOAD Drivers/STM32F1xx_HAL_Driver/Src/stm32f1xx_hal_cortex.o
LOAD Drivers/STM32F1xx_HAL_Driver/Src/stm32f1xx_hal_dma.o
LOAD Drivers/STM32F1xx_HAL_Driver/Src/stm32f1xx_hal_exti.o
LOAD Drivers/STM32F1xx_HAL_Driver/Src/stm32f1xx_hal_flash.o
LOAD Drivers/STM32F1xx_HAL_Driver/Src/stm32f1xx_hal_flash_ex.o
LOAD Drivers/STM32F1xx_HAL_Driver/Src/stm32f1xx_hal_gpio.o
LOAD Drivers/STM32F1xx_HAL_Driver/Src/stm32f1xx_hal_gpio_ex.o
LOAD Drivers/STM32F1xx_HAL_Driver/Src/stm32f1xx_hal_pwr.o
LOAD Drivers/STM32F1xx_HAL_Driver/Src/stm32f1xx_hal_rcc.o
LOAD Drivers/STM32F1xx_HAL_Driver/Src/stm32f1xx_hal_rcc_ex.o
LOAD Drivers/STM32F1xx_HAL_Driver/Src/stm32f1xx_hal_tim.o
LOAD Drivers/STM32F1xx_HAL_Driver/Src/stm32f1xx_hal_tim_ex.o
START GROUP
LOAD /opt/st/stm32cubeide_1.6.1_2/plugins/com.st.stm32cube.ide.mcu.externaltools.gnu-tools-for-stm32.9-2020-q2-update.linux64_1.5.0.202011040924/tools/bin/../lib/gcc/arm-none-eabi/9.3.1/../../../../arm-none-eabi/lib/thumb/v7-m/nofp/libc_nano.a
LOAD /opt/st/stm32cubeide_1.6.1_2/plugins/com.st.stm32cube.ide.mcu.externaltools.gnu-tools-for-stm32.9-2020-q2-update.linux64_1.5.0.202011040924/tools/bin/../lib/gcc/arm-none-eabi/9.3.1/../../../../arm-none-eabi/lib/thumb/v7-m/nofp/libm.a
END GROUP
START GROUP
LOAD /opt/st/stm32cubeide_1.6.1_2/plugins/com.st.stm32cube.ide.mcu.externaltools.gnu-tools-for-stm32.9-2020-q2-update.linux64_1.5.0.202011040924/tools/bin/../lib/gcc/arm-none-eabi/9.3.1/thumb/v7-m/nofp/libgcc.a
LOAD /opt/st/stm32cubeide_1.6.1_2/plugins/com.st.stm32cube.ide.mcu.externaltools.gnu-tools-for-stm32.9-2020-q2-update.linux64_1.5.0.202011040924/tools/bin/../lib/gcc/arm-none-eabi/9.3.1/../../../../arm-none-eabi/lib/thumb/v7-m/nofp/libc_nano.a
END GROUP
START GROUP
LOAD /opt/st/stm32cubeide_1.6.1_2/plugins/com.st.stm32cube.ide.mcu.externaltools.gnu-tools-for-stm32.9-2020-q2-update.linux64_1.5.0.202011040924/tools/bin/../lib/gcc/arm-none-eabi/9.3.1/thumb/v7-m/nofp/libgcc.a
LOAD /opt/st/stm32cubeide_1.6.1_2/plugins/com.st.stm32cube.ide.mcu.externaltools.gnu-tools-for-stm32.9-2020-q2-update.linux64_1.5.0.202011040924/tools/bin/../lib/gcc/arm-none-eabi/9.3.1/../../../../arm-none-eabi/lib/thumb/v7-m/nofp/libc_nano.a
LOAD /opt/st/stm32cubeide_1.6.1_2/plugins/com.st.stm32cube.ide.mcu.externaltools.gnu-tools-for-stm32.9-2020-q2-update.linux64_1.5.0.202011040924/tools/bin/../lib/gcc/arm-none-eabi/9.3.1/../../../../arm-none-eabi/lib/thumb/v7-m/nofp/libnosys.a
END GROUP
START GROUP
LOAD /opt/st/stm32cubeide_1.6.1_2/plugins/com.st.stm32cube.ide.mcu.externaltools.gnu-tools-for-stm32.9-2020-q2-update.linux64_1.5.0.202011040924/tools/bin/../lib/gcc/arm-none-eabi/9.3.1/thumb/v7-m/nofp/libgcc.a
LOAD /opt/st/stm32cubeide_1.6.1_2/plugins/com.st.stm32cube.ide.mcu.externaltools.gnu-tools-for-stm32.9-2020-q2-update.linux64_1.5.0.202011040924/tools/bin/../lib/gcc/arm-none-eabi/9.3.1/../../../../arm-none-eabi/lib/thumb/v7-m/nofp/libc_nano.a
LOAD /opt/st/stm32cubeide_1.6.1_2/plugins/com.st.stm32cube.ide.mcu.externaltools.gnu-tools-for-stm32.9-2020-q2-update.linux64_1.5.0.202011040924/tools/bin/../lib/gcc/arm-none-eabi/9.3.1/../../../../arm-none-eabi/lib/thumb/v7-m/nofp/libnosys.a
END GROUP
LOAD /opt/st/stm32cubeide_1.6.1_2/plugins/com.st.stm32cube.ide.mcu.externaltools.gnu-tools-for-stm32.9-2020-q2-update.linux64_1.5.0.202011040924/tools/bin/../lib/gcc/arm-none-eabi/9.3.1/thumb/v7-m/nofp/crtend.o
LOAD /opt/st/stm32cubeide_1.6.1_2/plugins/com.st.stm32cube.ide.mcu.externaltools.gnu-tools-for-stm32.9-2020-q2-update.linux64_1.5.0.202011040924/tools/bin/../lib/gcc/arm-none-eabi/9.3.1/thumb/v7-m/nofp/crtn.o
                0x0000000020005000                _estack = (ORIGIN (RAM) + LENGTH (RAM))
                0x0000000000000200                _Min_Heap_Size = 0x200
                0x0000000000000400                _Min_Stack_Size = 0x400

.isr_vector     0x0000000008000000      0x10c
                0x0000000008000000                . = ALIGN (0x4)
 *(.isr_vector)
 .isr_vector    0x0000000008000000      0x10c Core/Startup/startup_stm32f103c8tx.o
                0x0000000008000000                g_pfnVectors
                0x000000000800010c                . = ALIGN (0x4)

.text           0x0000000008000110     0x2b10
                0x0000000008000110                . = ALIGN (0x4)
 *(.text)
 .text          0x0000000008000110       0x40 /opt/st/stm32cubeide_1.6.1_2/plugins/com.st.stm32cube.ide.mcu.externaltools.gnu-tools-for-stm32.9-2020-q2-update.linux64_1.5.0.202011040924/tools/bin/../lib/gcc/arm-none-eabi/9.3.1/thumb/v7-m/nofp/crtbegin.o
 .text          0x0000000008000150      0x378 /opt/st/stm32cubeide_1.6.1_2/plugins/com.st.stm32cube.ide.mcu.externaltools.gnu-tools-for-stm32.9-2020-q2-update.linux64_1.5.0.202011040924/tools/bin/../lib/gcc/arm-none-eabi/9.3.1/thumb/v7-m/nofp/libgcc.a(_arm_addsubdf3.o)
                0x0000000008000150                __aeabi_drsub
                0x0000000008000158                __aeabi_dsub
                0x0000000008000158                __subdf3
                0x000000000800015c                __adddf3
                0x000000000800015c                __aeabi_dadd
                0x00000000080003d4                __aeabi_ui2d
                0x00000000080003d4                __floatunsidf
                0x00000000080003f4                __floatsidf
                0x00000000080003f4                __aeabi_i2d
                0x0000000008000418                __extendsfdf2
                0x0000000008000418                __aeabi_f2d
                0x000000000800045c                __aeabi_ul2d
                0x000000000800045c                __floatundidf
                0x000000000800046c                __floatdidf
                0x000000000800046c                __aeabi_l2d
 .text          0x00000000080004c8      0x424 /opt/st/stm32cubeide_1.6.1_2/plugins/com.st.stm32cube.ide.mcu.externaltools.gnu-tools-for-stm32.9-2020-q2-update.linux64_1.5.0.202011040924/tools/bin/../lib/gcc/arm-none-eabi/9.3.1/thumb/v7-m/nofp/libgcc.a(_arm_muldivdf3.o)
                0x00000000080004c8                __aeabi_dmul
                0x00000000080004c8                __muldf3
                0x000000000800071c                __aeabi_ddiv
                0x000000000800071c                __divdf3
 .text          0x00000000080008ec       0xa0 /opt/st/stm32cubeide_1.6.1_2/plugins/com.st.stm32cube.ide.mcu.externaltools.gnu-tools-for-stm32.9-2020-q2-update.linux64_1.5.0.202011040924/tools/bin/../lib/gcc/arm-none-eabi/9.3.1/thumb/v7-m/nofp/libgcc.a(_arm_truncdfsf2.o)
                0x00000000080008ec                __aeabi_d2f
                0x00000000080008ec                __truncdfsf2
 .text          0x000000000800098c      0x21c /opt/st/stm32cubeide_1.6.1_2/plugins/com.st.stm32cube.ide.mcu.externaltools.gnu-tools-for-stm32.9-2020-q2-update.linux64_1.5.0.202011040924/tools/bin/../lib/gcc/arm-none-eabi/9.3.1/thumb/v7-m/nofp/libgcc.a(_arm_addsubsf3.o)
                0x000000000800098c                __aeabi_frsub
                0x0000000008000994                __subsf3
                0x0000000008000994                __aeabi_fsub
                0x0000000008000998                __aeabi_fadd
                0x0000000008000998                __addsf3
                0x0000000008000af8                __aeabi_ui2f
                0x0000000008000af8                __floatunsisf
                0x0000000008000b00                __aeabi_i2f
                0x0000000008000b00                __floatsisf
                0x0000000008000b1c                __floatundisf
                0x0000000008000b1c                __aeabi_ul2f
                0x0000000008000b2c                __floatdisf
                0x0000000008000b2c                __aeabi_l2f
 .text          0x0000000008000ba8      0x2a0 /opt/st/stm32cubeide_1.6.1_2/plugins/com.st.stm32cube.ide.mcu.externaltools.gnu-tools-for-stm32.9-2020-q2-update.linux64_1.5.0.202011040924/tools/bin/../lib/gcc/arm-none-eabi/9.3.1/thumb/v7-m/nofp/libgcc.a(_arm_muldivsf3.o)
                0x0000000008000ba8                __mulsf3
                0x0000000008000ba8                __aeabi_fmul
                0x0000000008000d10                __divsf3
                0x0000000008000d10                __aeabi_fdiv
 .text          0x0000000008000e48       0x40 /opt/st/stm32cubeide_1.6.1_2/plugins/com.st.stm32cube.ide.mcu.externaltools.gnu-tools-for-stm32.9-2020-q2-update.linux64_1.5.0.202011040924/tools/bin/../lib/gcc/arm-none-eabi/9.3.1/thumb/v7-m/nofp/libgcc.a(_arm_fixunssfsi.o)
                0x0000000008000e48                __aeabi_f2uiz
                0x0000000008000e48                __fixunssfsi
 *(.text*)
 .text.spi_write
                0x0000000008000e88       0xac Core/Src/MAX31865.o
                0x0000000008000e88                spi_write
 .text.spi_read
                0x0000000008000f34       0xc8 Core/Src/MAX31865.o
                0x0000000008000f34                spi_read
 .text.MAX31865_read
                0x0000000008000ffc       0x5c Core/Src/MAX31865.o
                0x0000000008000ffc                MAX31865_read
 .text.MAX31865_write
                0x0000000008001058       0x64 Core/Src/MAX31865.o
                0x0000000008001058                MAX31865_write
 .text.enableBias
                0x00000000080010bc       0x46 Core/Src/MAX31865.o
                0x00000000080010bc                enableBias
 .text.autoConvert
                0x0000000008001102       0x46 Core/Src/MAX31865.o
                0x0000000008001102                autoConvert
 .text.setWires
                0x0000000008001148       0x46 Core/Src/MAX31865.o
                0x0000000008001148                setWires
 .text.single_shot
                0x000000000800118e       0x2e Core/Src/MAX31865.o
                0x000000000800118e                single_shot
 .text.MAX31865_init
                0x00000000080011bc       0x70 Core/Src/MAX31865.o
                0x00000000080011bc                MAX31865_init
 *fill*         0x000000000800122c        0x4 
 .text.MAX31865_readTemp
                0x0000000008001230       0xb8 Core/Src/MAX31865.o
                0x0000000008001230                MAX31865_readTemp
 .text.CAN_Transmit
                0x00000000080012e8       0x54 Core/Src/can.o
                0x00000000080012e8                CAN_Transmit
 .text.MX_CAN_Init
                0x000000000800133c       0xb0 Core/Src/can.o
                0x000000000800133c                MX_CAN_Init
 .text.HAL_CAN_MspInit
                0x00000000080013ec       0x98 Core/Src/can.o
                0x00000000080013ec                HAL_CAN_MspInit
 .text.MX_GPIO_Init
                0x0000000008001484      0x13c Core/Src/gpio.o
                0x0000000008001484                MX_GPIO_Init
 .text.main     0x00000000080015c0      0x198 Core/Src/main.o
                0x00000000080015c0                main
 .text.SystemClock_Config
                0x0000000008001758       0x8a Core/Src/main.o
                0x0000000008001758                SystemClock_Config
 .text.Error_Handler
                0x00000000080017e2        0xa Core/Src/main.o
                0x00000000080017e2                Error_Handler
 .text.HAL_MspInit
                0x00000000080017ec       0x64 Core/Src/stm32f1xx_hal_msp.o
                0x00000000080017ec                HAL_MspInit
 .text.NMI_Handler
                0x0000000008001850        0x6 Core/Src/stm32f1xx_it.o
                0x0000000008001850                NMI_Handler
 .text.HardFault_Handler
                0x0000000008001856        0x6 Core/Src/stm32f1xx_it.o
                0x0000000008001856                HardFault_Handler
 .text.MemManage_Handler
                0x000000000800185c        0x6 Core/Src/stm32f1xx_it.o
                0x000000000800185c                MemManage_Handler
 .text.BusFault_Handler
                0x0000000008001862        0x6 Core/Src/stm32f1xx_it.o
                0x0000000008001862                BusFault_Handler
 .text.UsageFault_Handler
                0x0000000008001868        0x6 Core/Src/stm32f1xx_it.o
                0x0000000008001868                UsageFault_Handler
 .text.SVC_Handler
                0x000000000800186e        0xc Core/Src/stm32f1xx_it.o
                0x000000000800186e                SVC_Handler
 .text.DebugMon_Handler
                0x000000000800187a        0xc Core/Src/stm32f1xx_it.o
                0x000000000800187a                DebugMon_Handler
 .text.PendSV_Handler
                0x0000000008001886        0xc Core/Src/stm32f1xx_it.o
                0x0000000008001886                PendSV_Handler
 .text.SysTick_Handler
                0x0000000008001892        0xc Core/Src/stm32f1xx_it.o
                0x0000000008001892                SysTick_Handler
 .text.SystemInit
                0x000000000800189e        0xc Core/Src/system_stm32f1xx.o
                0x000000000800189e                SystemInit
 *fill*         0x00000000080018aa        0x2 
 .text.Reset_Handler
                0x00000000080018ac       0x48 Core/Startup/startup_stm32f103c8tx.o
                0x00000000080018ac                Reset_Handler
 .text.Default_Handler
                0x00000000080018f4        0x2 Core/Startup/startup_stm32f103c8tx.o
                0x00000000080018f4                RTC_Alarm_IRQHandler
                0x00000000080018f4                EXTI2_IRQHandler
                0x00000000080018f4                TIM1_CC_IRQHandler
                0x00000000080018f4                PVD_IRQHandler
                0x00000000080018f4                EXTI3_IRQHandler
                0x00000000080018f4                EXTI0_IRQHandler
                0x00000000080018f4                I2C2_EV_IRQHandler
                0x00000000080018f4                ADC1_2_IRQHandler
                0x00000000080018f4                SPI1_IRQHandler
                0x00000000080018f4                TAMPER_IRQHandler
                0x00000000080018f4                DMA1_Channel4_IRQHandler
                0x00000000080018f4                USART3_IRQHandler
                0x00000000080018f4                RTC_IRQHandler
                0x00000000080018f4                DMA1_Channel7_IRQHandler
                0x00000000080018f4                CAN1_RX1_IRQHandler
                0x00000000080018f4                TIM4_IRQHandler
                0x00000000080018f4                I2C1_EV_IRQHandler
                0x00000000080018f4                DMA1_Channel6_IRQHandler
                0x00000000080018f4                TIM3_IRQHandler
                0x00000000080018f4                RCC_IRQHandler
                0x00000000080018f4                TIM1_TRG_COM_IRQHandler
                0x00000000080018f4                DMA1_Channel1_IRQHandler
                0x00000000080018f4                Default_Handler
                0x00000000080018f4                EXTI15_10_IRQHandler
                0x00000000080018f4                EXTI9_5_IRQHandler
                0x00000000080018f4                SPI2_IRQHandler
                0x00000000080018f4                DMA1_Channel5_IRQHandler
                0x00000000080018f4                EXTI4_IRQHandler
                0x00000000080018f4                USB_LP_CAN1_RX0_IRQHandler
                0x00000000080018f4                USB_HP_CAN1_TX_IRQHandler
                0x00000000080018f4                DMA1_Channel3_IRQHandler
                0x00000000080018f4                TIM1_UP_IRQHandler
                0x00000000080018f4                WWDG_IRQHandler
                0x00000000080018f4                TIM2_IRQHandler
                0x00000000080018f4                TIM1_BRK_IRQHandler
                0x00000000080018f4                EXTI1_IRQHandler
                0x00000000080018f4                USART2_IRQHandler
                0x00000000080018f4                I2C2_ER_IRQHandler
                0x00000000080018f4                DMA1_Channel2_IRQHandler
                0x00000000080018f4                CAN1_SCE_IRQHandler
                0x00000000080018f4                FLASH_IRQHandler
                0x00000000080018f4                USART1_IRQHandler
                0x00000000080018f4                I2C1_ER_IRQHandler
                0x00000000080018f4                USBWakeUp_IRQHandler
 *fill*         0x00000000080018f6        0x2 
 .text.HAL_Init
                0x00000000080018f8       0x2c Drivers/STM32F1xx_HAL_Driver/Src/stm32f1xx_hal.o
                0x00000000080018f8                HAL_Init
 .text.HAL_InitTick
                0x0000000008001924       0x60 Drivers/STM32F1xx_HAL_Driver/Src/stm32f1xx_hal.o
                0x0000000008001924                HAL_InitTick
 .text.HAL_IncTick
                0x0000000008001984       0x24 Drivers/STM32F1xx_HAL_Driver/Src/stm32f1xx_hal.o
                0x0000000008001984                HAL_IncTick
 .text.HAL_GetTick
                0x00000000080019a8       0x14 Drivers/STM32F1xx_HAL_Driver/Src/stm32f1xx_hal.o
                0x00000000080019a8                HAL_GetTick
 .text.HAL_Delay
                0x00000000080019bc       0x48 Drivers/STM32F1xx_HAL_Driver/Src/stm32f1xx_hal.o
                0x00000000080019bc                HAL_Delay
 .text.HAL_CAN_Init
                0x0000000008001a04      0x1f6 Drivers/STM32F1xx_HAL_Driver/Src/stm32f1xx_hal_can.o
                0x0000000008001a04                HAL_CAN_Init
 .text.HAL_CAN_Start
                0x0000000008001bfa       0x88 Drivers/STM32F1xx_HAL_Driver/Src/stm32f1xx_hal_can.o
                0x0000000008001bfa                HAL_CAN_Start
 .text.HAL_CAN_AddTxMessage
                0x0000000008001c82      0x1b4 Drivers/STM32F1xx_HAL_Driver/Src/stm32f1xx_hal_can.o
                0x0000000008001c82                HAL_CAN_AddTxMessage
 .text.HAL_CAN_ActivateNotification
                0x0000000008001e36       0x4a Drivers/STM32F1xx_HAL_Driver/Src/stm32f1xx_hal_can.o
                0x0000000008001e36                HAL_CAN_ActivateNotification
 .text.__NVIC_SetPriorityGrouping
                0x0000000008001e80       0x48 Drivers/STM32F1xx_HAL_Driver/Src/stm32f1xx_hal_cortex.o
 .text.__NVIC_GetPriorityGrouping
                0x0000000008001ec8       0x1c Drivers/STM32F1xx_HAL_Driver/Src/stm32f1xx_hal_cortex.o
 .text.__NVIC_SetPriority
                0x0000000008001ee4       0x54 Drivers/STM32F1xx_HAL_Driver/Src/stm32f1xx_hal_cortex.o
 .text.NVIC_EncodePriority
                0x0000000008001f38       0x64 Drivers/STM32F1xx_HAL_Driver/Src/stm32f1xx_hal_cortex.o
 .text.SysTick_Config
                0x0000000008001f9c       0x44 Drivers/STM32F1xx_HAL_Driver/Src/stm32f1xx_hal_cortex.o
 .text.HAL_NVIC_SetPriorityGrouping
                0x0000000008001fe0       0x16 Drivers/STM32F1xx_HAL_Driver/Src/stm32f1xx_hal_cortex.o
                0x0000000008001fe0                HAL_NVIC_SetPriorityGrouping
 .text.HAL_NVIC_SetPriority
                0x0000000008001ff6       0x38 Drivers/STM32F1xx_HAL_Driver/Src/stm32f1xx_hal_cortex.o
                0x0000000008001ff6                HAL_NVIC_SetPriority
 .text.HAL_SYSTICK_Config
                0x000000000800202e       0x18 Drivers/STM32F1xx_HAL_Driver/Src/stm32f1xx_hal_cortex.o
                0x000000000800202e                HAL_SYSTICK_Config
 *fill*         0x0000000008002046        0x2 
 .text.HAL_GPIO_Init
                0x0000000008002048      0x308 Drivers/STM32F1xx_HAL_Driver/Src/stm32f1xx_hal_gpio.o
                0x0000000008002048                HAL_GPIO_Init
 .text.HAL_GPIO_ReadPin
                0x0000000008002350       0x2e Drivers/STM32F1xx_HAL_Driver/Src/stm32f1xx_hal_gpio.o
                0x0000000008002350                HAL_GPIO_ReadPin
 .text.HAL_GPIO_WritePin
                0x000000000800237e       0x30 Drivers/STM32F1xx_HAL_Driver/Src/stm32f1xx_hal_gpio.o
                0x000000000800237e                HAL_GPIO_WritePin
 .text.HAL_GPIO_TogglePin
                0x00000000080023ae       0x32 Drivers/STM32F1xx_HAL_Driver/Src/stm32f1xx_hal_gpio.o
                0x00000000080023ae                HAL_GPIO_TogglePin
 .text.HAL_RCC_OscConfig
                0x00000000080023e0      0x500 Drivers/STM32F1xx_HAL_Driver/Src/stm32f1xx_hal_rcc.o
                0x00000000080023e0                HAL_RCC_OscConfig
 .text.HAL_RCC_ClockConfig
                0x00000000080028e0      0x1d4 Drivers/STM32F1xx_HAL_Driver/Src/stm32f1xx_hal_rcc.o
                0x00000000080028e0                HAL_RCC_ClockConfig
 .text.HAL_RCC_GetSysClockFreq
                0x0000000008002ab4       0xc0 Drivers/STM32F1xx_HAL_Driver/Src/stm32f1xx_hal_rcc.o
                0x0000000008002ab4                HAL_RCC_GetSysClockFreq
 .text.RCC_Delay
                0x0000000008002b74       0x3c Drivers/STM32F1xx_HAL_Driver/Src/stm32f1xx_hal_rcc.o
 .text.__libc_init_array
                0x0000000008002bb0       0x48 /opt/st/stm32cubeide_1.6.1_2/plugins/com.st.stm32cube.ide.mcu.externaltools.gnu-tools-for-stm32.9-2020-q2-update.linux64_1.5.0.202011040924/tools/bin/../lib/gcc/arm-none-eabi/9.3.1/../../../../arm-none-eabi/lib/thumb/v7-m/nofp/libc_nano.a(lib_a-init.o)
                0x0000000008002bb0                __libc_init_array
 .text.memset   0x0000000008002bf8       0x10 /opt/st/stm32cubeide_1.6.1_2/plugins/com.st.stm32cube.ide.mcu.externaltools.gnu-tools-for-stm32.9-2020-q2-update.linux64_1.5.0.202011040924/tools/bin/../lib/gcc/arm-none-eabi/9.3.1/../../../../arm-none-eabi/lib/thumb/v7-m/nofp/libc_nano.a(lib_a-memset.o)
                0x0000000008002bf8                memset
 *(.glue_7)
 .glue_7        0x0000000008002c08        0x0 linker stubs
 *(.glue_7t)
 .glue_7t       0x0000000008002c08        0x0 linker stubs
 *(.eh_frame)
 .eh_frame      0x0000000008002c08        0x0 /opt/st/stm32cubeide_1.6.1_2/plugins/com.st.stm32cube.ide.mcu.externaltools.gnu-tools-for-stm32.9-2020-q2-update.linux64_1.5.0.202011040924/tools/bin/../lib/gcc/arm-none-eabi/9.3.1/thumb/v7-m/nofp/crtbegin.o
 *(.init)
 .init          0x0000000008002c08        0x4 /opt/st/stm32cubeide_1.6.1_2/plugins/com.st.stm32cube.ide.mcu.externaltools.gnu-tools-for-stm32.9-2020-q2-update.linux64_1.5.0.202011040924/tools/bin/../lib/gcc/arm-none-eabi/9.3.1/thumb/v7-m/nofp/crti.o
                0x0000000008002c08                _init
 .init          0x0000000008002c0c        0x8 /opt/st/stm32cubeide_1.6.1_2/plugins/com.st.stm32cube.ide.mcu.externaltools.gnu-tools-for-stm32.9-2020-q2-update.linux64_1.5.0.202011040924/tools/bin/../lib/gcc/arm-none-eabi/9.3.1/thumb/v7-m/nofp/crtn.o
 *(.fini)
 .fini          0x0000000008002c14        0x4 /opt/st/stm32cubeide_1.6.1_2/plugins/com.st.stm32cube.ide.mcu.externaltools.gnu-tools-for-stm32.9-2020-q2-update.linux64_1.5.0.202011040924/tools/bin/../lib/gcc/arm-none-eabi/9.3.1/thumb/v7-m/nofp/crti.o
                0x0000000008002c14                _fini
 .fini          0x0000000008002c18        0x8 /opt/st/stm32cubeide_1.6.1_2/plugins/com.st.stm32cube.ide.mcu.externaltools.gnu-tools-for-stm32.9-2020-q2-update.linux64_1.5.0.202011040924/tools/bin/../lib/gcc/arm-none-eabi/9.3.1/thumb/v7-m/nofp/crtn.o
                0x0000000008002c20                . = ALIGN (0x4)
                0x0000000008002c20                _etext = .

.vfp11_veneer   0x0000000008002c20        0x0
 .vfp11_veneer  0x0000000008002c20        0x0 linker stubs

.v4_bx          0x0000000008002c20        0x0
 .v4_bx         0x0000000008002c20        0x0 linker stubs

.iplt           0x0000000008002c20        0x0
 .iplt          0x0000000008002c20        0x0 /opt/st/stm32cubeide_1.6.1_2/plugins/com.st.stm32cube.ide.mcu.externaltools.gnu-tools-for-stm32.9-2020-q2-update.linux64_1.5.0.202011040924/tools/bin/../lib/gcc/arm-none-eabi/9.3.1/thumb/v7-m/nofp/crtbegin.o

.rodata         0x0000000008002c20       0x20
                0x0000000008002c20                . = ALIGN (0x4)
 *(.rodata)
 .rodata        0x0000000008002c20       0x10 Drivers/STM32F1xx_HAL_Driver/Src/stm32f1xx_hal_rcc.o
 *(.rodata*)
 .rodata.AHBPrescTable
                0x0000000008002c30       0x10 Core/Src/system_stm32f1xx.o
                0x0000000008002c30                AHBPrescTable
                0x0000000008002c40                . = ALIGN (0x4)

.rel.dyn        0x0000000008002c40        0x0
 .rel.iplt      0x0000000008002c40        0x0 /opt/st/stm32cubeide_1.6.1_2/plugins/com.st.stm32cube.ide.mcu.externaltools.gnu-tools-for-stm32.9-2020-q2-update.linux64_1.5.0.202011040924/tools/bin/../lib/gcc/arm-none-eabi/9.3.1/thumb/v7-m/nofp/crtbegin.o

.ARM.extab      0x0000000008002c40        0x0
                0x0000000008002c40                . = ALIGN (0x4)
 *(.ARM.extab* .gnu.linkonce.armextab.*)
                0x0000000008002c40                . = ALIGN (0x4)

.ARM            0x0000000008002c40        0x0
                0x0000000008002c40                . = ALIGN (0x4)
                0x0000000008002c40                __exidx_start = .
 *(.ARM.exidx*)
                0x0000000008002c40                __exidx_end = .
                0x0000000008002c40                . = ALIGN (0x4)

.preinit_array  0x0000000008002c40        0x0
                0x0000000008002c40                . = ALIGN (0x4)
                0x0000000008002c40                PROVIDE (__preinit_array_start = .)
 *(.preinit_array*)
                0x0000000008002c40                PROVIDE (__preinit_array_end = .)
                0x0000000008002c40                . = ALIGN (0x4)

.init_array     0x0000000008002c40        0x4
                0x0000000008002c40                . = ALIGN (0x4)
                0x0000000008002c40                PROVIDE (__init_array_start = .)
 *(SORT_BY_NAME(.init_array.*))
 *(.init_array*)
 .init_array    0x0000000008002c40        0x4 /opt/st/stm32cubeide_1.6.1_2/plugins/com.st.stm32cube.ide.mcu.externaltools.gnu-tools-for-stm32.9-2020-q2-update.linux64_1.5.0.202011040924/tools/bin/../lib/gcc/arm-none-eabi/9.3.1/thumb/v7-m/nofp/crtbegin.o
                0x0000000008002c44                PROVIDE (__init_array_end = .)
                0x0000000008002c44                . = ALIGN (0x4)

.fini_array     0x0000000008002c44        0x4
                0x0000000008002c44                . = ALIGN (0x4)
                [!provide]                        PROVIDE (__fini_array_start = .)
 *(SORT_BY_NAME(.fini_array.*))
 *(.fini_array*)
 .fini_array    0x0000000008002c44        0x4 /opt/st/stm32cubeide_1.6.1_2/plugins/com.st.stm32cube.ide.mcu.externaltools.gnu-tools-for-stm32.9-2020-q2-update.linux64_1.5.0.202011040924/tools/bin/../lib/gcc/arm-none-eabi/9.3.1/thumb/v7-m/nofp/crtbegin.o
                [!provide]                        PROVIDE (__fini_array_end = .)
                0x0000000008002c48                . = ALIGN (0x4)
                0x0000000008002c48                _sidata = LOADADDR (.data)

.data           0x0000000020000000        0xc load address 0x0000000008002c48
                0x0000000020000000                . = ALIGN (0x4)
                0x0000000020000000                _sdata = .
 *(.data)
 *(.data*)
 .data.SystemCoreClock
                0x0000000020000000        0x4 Core/Src/system_stm32f1xx.o
                0x0000000020000000                SystemCoreClock
 .data.uwTickPrio
                0x0000000020000004        0x4 Drivers/STM32F1xx_HAL_Driver/Src/stm32f1xx_hal.o
                0x0000000020000004                uwTickPrio
 .data.uwTickFreq
                0x0000000020000008        0x1 Drivers/STM32F1xx_HAL_Driver/Src/stm32f1xx_hal.o
                0x0000000020000008                uwTickFreq
 *(.RamFunc)
 *(.RamFunc*)
                0x000000002000000c                . = ALIGN (0x4)
 *fill*         0x0000000020000009        0x3 
                0x000000002000000c                _edata = .

.igot.plt       0x000000002000000c        0x0 load address 0x0000000008002c54
 .igot.plt      0x000000002000000c        0x0 /opt/st/stm32cubeide_1.6.1_2/plugins/com.st.stm32cube.ide.mcu.externaltools.gnu-tools-for-stm32.9-2020-q2-update.linux64_1.5.0.202011040924/tools/bin/../lib/gcc/arm-none-eabi/9.3.1/thumb/v7-m/nofp/crtbegin.o
                0x000000002000000c                . = ALIGN (0x4)

.bss            0x000000002000000c       0xe8 load address 0x0000000008002c54
                0x000000002000000c                _sbss = .
                0x000000002000000c                __bss_start__ = _sbss
 *(.bss)
 .bss           0x000000002000000c       0x1c /opt/st/stm32cubeide_1.6.1_2/plugins/com.st.stm32cube.ide.mcu.externaltools.gnu-tools-for-stm32.9-2020-q2-update.linux64_1.5.0.202011040924/tools/bin/../lib/gcc/arm-none-eabi/9.3.1/thumb/v7-m/nofp/crtbegin.o
 *(.bss*)
 *(COMMON)
 COMMON         0x0000000020000028        0x8 Core/Src/MAX31865.o
                0x0000000020000028                _temp_ok
                0x000000002000002c                gpio
 COMMON         0x0000000020000030       0xc0 Core/Src/can.o
                0x0000000020000030                sFilterConfig
                0x0000000020000058                TxSS1
                0x0000000020000068                hcan
                0x0000000020000090                TxSS2
                0x00000000200000a0                TxSS3
                0x00000000200000b0                TxMailbox
                0x00000000200000b4                RxData
                0x00000000200000bc                TxHeader
                0x00000000200000d4                RxHeader
 COMMON         0x00000000200000f0        0x4 Drivers/STM32F1xx_HAL_Driver/Src/stm32f1xx_hal.o
                0x00000000200000f0                uwTick
                0x00000000200000f4                . = ALIGN (0x4)
                0x00000000200000f4                _ebss = .
                0x00000000200000f4                __bss_end__ = _ebss

._user_heap_stack
                0x00000000200000f4      0x604 load address 0x0000000008002c54
                0x00000000200000f8                . = ALIGN (0x8)
 *fill*         0x00000000200000f4        0x4 
                [!provide]                        PROVIDE (end = .)
                0x00000000200000f8                PROVIDE (_end = .)
                0x00000000200002f8                . = (. + _Min_Heap_Size)
 *fill*         0x00000000200000f8      0x200 
                0x00000000200006f8                . = (. + _Min_Stack_Size)
 *fill*         0x00000000200002f8      0x400 
                0x00000000200006f8                . = ALIGN (0x8)

/DISCARD/
 libc.a(*)
 libm.a(*)
 libgcc.a(*)

.ARM.attributes
                0x0000000000000000       0x29
 *(.ARM.attributes)
 .ARM.attributes
                0x0000000000000000       0x1d /opt/st/stm32cubeide_1.6.1_2/plugins/com.st.stm32cube.ide.mcu.externaltools.gnu-tools-for-stm32.9-2020-q2-update.linux64_1.5.0.202011040924/tools/bin/../lib/gcc/arm-none-eabi/9.3.1/thumb/v7-m/nofp/crti.o
 .ARM.attributes
                0x000000000000001d       0x2d /opt/st/stm32cubeide_1.6.1_2/plugins/com.st.stm32cube.ide.mcu.externaltools.gnu-tools-for-stm32.9-2020-q2-update.linux64_1.5.0.202011040924/tools/bin/../lib/gcc/arm-none-eabi/9.3.1/thumb/v7-m/nofp/crtbegin.o
 .ARM.attributes
                0x000000000000004a       0x2d Core/Src/MAX31865.o
 .ARM.attributes
                0x0000000000000077       0x2d Core/Src/can.o
 .ARM.attributes
                0x00000000000000a4       0x2d Core/Src/gpio.o
 .ARM.attributes
                0x00000000000000d1       0x2d Core/Src/main.o
 .ARM.attributes
                0x00000000000000fe       0x2d Core/Src/stm32f1xx_hal_msp.o
 .ARM.attributes
                0x000000000000012b       0x2d Core/Src/stm32f1xx_it.o
 .ARM.attributes
                0x0000000000000158       0x2d Core/Src/system_stm32f1xx.o
 .ARM.attributes
                0x0000000000000185       0x21 Core/Startup/startup_stm32f103c8tx.o
 .ARM.attributes
                0x00000000000001a6       0x2d Drivers/STM32F1xx_HAL_Driver/Src/stm32f1xx_hal.o
 .ARM.attributes
                0x00000000000001d3       0x2d Drivers/STM32F1xx_HAL_Driver/Src/stm32f1xx_hal_can.o
 .ARM.attributes
                0x0000000000000200       0x2d Drivers/STM32F1xx_HAL_Driver/Src/stm32f1xx_hal_cortex.o
 .ARM.attributes
                0x000000000000022d       0x2d Drivers/STM32F1xx_HAL_Driver/Src/stm32f1xx_hal_gpio.o
 .ARM.attributes
                0x000000000000025a       0x2d Drivers/STM32F1xx_HAL_Driver/Src/stm32f1xx_hal_rcc.o
 .ARM.attributes
                0x0000000000000287       0x2d /opt/st/stm32cubeide_1.6.1_2/plugins/com.st.stm32cube.ide.mcu.externaltools.gnu-tools-for-stm32.9-2020-q2-update.linux64_1.5.0.202011040924/tools/bin/../lib/gcc/arm-none-eabi/9.3.1/../../../../arm-none-eabi/lib/thumb/v7-m/nofp/libc_nano.a(lib_a-init.o)
 .ARM.attributes
                0x00000000000002b4       0x2d /opt/st/stm32cubeide_1.6.1_2/plugins/com.st.stm32cube.ide.mcu.externaltools.gnu-tools-for-stm32.9-2020-q2-update.linux64_1.5.0.202011040924/tools/bin/../lib/gcc/arm-none-eabi/9.3.1/../../../../arm-none-eabi/lib/thumb/v7-m/nofp/libc_nano.a(lib_a-memset.o)
 .ARM.attributes
                0x00000000000002e1       0x1d /opt/st/stm32cubeide_1.6.1_2/plugins/com.st.stm32cube.ide.mcu.externaltools.gnu-tools-for-stm32.9-2020-q2-update.linux64_1.5.0.202011040924/tools/bin/../lib/gcc/arm-none-eabi/9.3.1/thumb/v7-m/nofp/libgcc.a(_arm_addsubdf3.o)
 .ARM.attributes
                0x00000000000002fe       0x1d /opt/st/stm32cubeide_1.6.1_2/plugins/com.st.stm32cube.ide.mcu.externaltools.gnu-tools-for-stm32.9-2020-q2-update.linux64_1.5.0.202011040924/tools/bin/../lib/gcc/arm-none-eabi/9.3.1/thumb/v7-m/nofp/libgcc.a(_arm_muldivdf3.o)
 .ARM.attributes
                0x000000000000031b       0x1d /opt/st/stm32cubeide_1.6.1_2/plugins/com.st.stm32cube.ide.mcu.externaltools.gnu-tools-for-stm32.9-2020-q2-update.linux64_1.5.0.202011040924/tools/bin/../lib/gcc/arm-none-eabi/9.3.1/thumb/v7-m/nofp/libgcc.a(_arm_truncdfsf2.o)
 .ARM.attributes
                0x0000000000000338       0x1d /opt/st/stm32cubeide_1.6.1_2/plugins/com.st.stm32cube.ide.mcu.externaltools.gnu-tools-for-stm32.9-2020-q2-update.linux64_1.5.0.202011040924/tools/bin/../lib/gcc/arm-none-eabi/9.3.1/thumb/v7-m/nofp/libgcc.a(_arm_addsubsf3.o)
 .ARM.attributes
                0x0000000000000355       0x1d /opt/st/stm32cubeide_1.6.1_2/plugins/com.st.stm32cube.ide.mcu.externaltools.gnu-tools-for-stm32.9-2020-q2-update.linux64_1.5.0.202011040924/tools/bin/../lib/gcc/arm-none-eabi/9.3.1/thumb/v7-m/nofp/libgcc.a(_arm_muldivsf3.o)
 .ARM.attributes
                0x0000000000000372       0x1d /opt/st/stm32cubeide_1.6.1_2/plugins/com.st.stm32cube.ide.mcu.externaltools.gnu-tools-for-stm32.9-2020-q2-update.linux64_1.5.0.202011040924/tools/bin/../lib/gcc/arm-none-eabi/9.3.1/thumb/v7-m/nofp/libgcc.a(_arm_fixunssfsi.o)
 .ARM.attributes
                0x000000000000038f       0x1d /opt/st/stm32cubeide_1.6.1_2/plugins/com.st.stm32cube.ide.mcu.externaltools.gnu-tools-for-stm32.9-2020-q2-update.linux64_1.5.0.202011040924/tools/bin/../lib/gcc/arm-none-eabi/9.3.1/thumb/v7-m/nofp/crtn.o
OUTPUT(Aquisicao Temperatura.elf elf32-littlearm)
LOAD linker stubs
LOAD /opt/st/stm32cubeide_1.6.1_2/plugins/com.st.stm32cube.ide.mcu.externaltools.gnu-tools-for-stm32.9-2020-q2-update.linux64_1.5.0.202011040924/tools/bin/../lib/gcc/arm-none-eabi/9.3.1/../../../../arm-none-eabi/lib/thumb/v7-m/nofp/libc.a
LOAD /opt/st/stm32cubeide_1.6.1_2/plugins/com.st.stm32cube.ide.mcu.externaltools.gnu-tools-for-stm32.9-2020-q2-update.linux64_1.5.0.202011040924/tools/bin/../lib/gcc/arm-none-eabi/9.3.1/../../../../arm-none-eabi/lib/thumb/v7-m/nofp/libm.a
LOAD /opt/st/stm32cubeide_1.6.1_2/plugins/com.st.stm32cube.ide.mcu.externaltools.gnu-tools-for-stm32.9-2020-q2-update.linux64_1.5.0.202011040924/tools/bin/../lib/gcc/arm-none-eabi/9.3.1/thumb/v7-m/nofp/libgcc.a

.debug_info     0x0000000000000000     0x59a2
 .debug_info    0x0000000000000000      0x581 Core/Src/MAX31865.o
 .debug_info    0x0000000000000581      0xa2c Core/Src/can.o
 .debug_info    0x0000000000000fad      0x3ac Core/Src/gpio.o
 .debug_info    0x0000000000001359      0xaf7 Core/Src/main.o
 .debug_info    0x0000000000001e50      0x2fc Core/Src/stm32f1xx_hal_msp.o
 .debug_info    0x000000000000214c      0x222 Core/Src/stm32f1xx_it.o
 .debug_info    0x000000000000236e      0x2be Core/Src/system_stm32f1xx.o
 .debug_info    0x000000000000262c       0x22 Core/Startup/startup_stm32f103c8tx.o
 .debug_info    0x000000000000264e      0x76a Drivers/STM32F1xx_HAL_Driver/Src/stm32f1xx_hal.o
 .debug_info    0x0000000000002db8     0x107f Drivers/STM32F1xx_HAL_Driver/Src/stm32f1xx_hal_can.o
 .debug_info    0x0000000000003e37      0xbdc Drivers/STM32F1xx_HAL_Driver/Src/stm32f1xx_hal_cortex.o
 .debug_info    0x0000000000004a13      0x701 Drivers/STM32F1xx_HAL_Driver/Src/stm32f1xx_hal_gpio.o
 .debug_info    0x0000000000005114      0x88e Drivers/STM32F1xx_HAL_Driver/Src/stm32f1xx_hal_rcc.o

.debug_abbrev   0x0000000000000000     0x1607
 .debug_abbrev  0x0000000000000000      0x1b9 Core/Src/MAX31865.o
 .debug_abbrev  0x00000000000001b9      0x1f9 Core/Src/can.o
 .debug_abbrev  0x00000000000003b2      0x14e Core/Src/gpio.o
 .debug_abbrev  0x0000000000000500      0x228 Core/Src/main.o
 .debug_abbrev  0x0000000000000728      0x11d Core/Src/stm32f1xx_hal_msp.o
 .debug_abbrev  0x0000000000000845       0xd2 Core/Src/stm32f1xx_it.o
 .debug_abbrev  0x0000000000000917      0x14e Core/Src/system_stm32f1xx.o
 .debug_abbrev  0x0000000000000a65       0x12 Core/Startup/startup_stm32f103c8tx.o
 .debug_abbrev  0x0000000000000a77      0x1ed Drivers/STM32F1xx_HAL_Driver/Src/stm32f1xx_hal.o
 .debug_abbrev  0x0000000000000c64      0x235 Drivers/STM32F1xx_HAL_Driver/Src/stm32f1xx_hal_can.o
 .debug_abbrev  0x0000000000000e99      0x313 Drivers/STM32F1xx_HAL_Driver/Src/stm32f1xx_hal_cortex.o
 .debug_abbrev  0x00000000000011ac      0x1e8 Drivers/STM32F1xx_HAL_Driver/Src/stm32f1xx_hal_gpio.o
 .debug_abbrev  0x0000000000001394      0x273 Drivers/STM32F1xx_HAL_Driver/Src/stm32f1xx_hal_rcc.o

.debug_aranges  0x0000000000000000      0x5c0
 .debug_aranges
                0x0000000000000000       0x68 Core/Src/MAX31865.o
 .debug_aranges
                0x0000000000000068       0x38 Core/Src/can.o
 .debug_aranges
                0x00000000000000a0       0x20 Core/Src/gpio.o
 .debug_aranges
                0x00000000000000c0       0x30 Core/Src/main.o
 .debug_aranges
                0x00000000000000f0       0x20 Core/Src/stm32f1xx_hal_msp.o
 .debug_aranges
                0x0000000000000110       0x60 Core/Src/stm32f1xx_it.o
 .debug_aranges
                0x0000000000000170       0x28 Core/Src/system_stm32f1xx.o
 .debug_aranges
                0x0000000000000198       0x28 Core/Startup/startup_stm32f103c8tx.o
 .debug_aranges
                0x00000000000001c0       0xe0 Drivers/STM32F1xx_HAL_Driver/Src/stm32f1xx_hal.o
 .debug_aranges
                0x00000000000002a0      0x138 Drivers/STM32F1xx_HAL_Driver/Src/stm32f1xx_hal_can.o
 .debug_aranges
                0x00000000000003d8      0x100 Drivers/STM32F1xx_HAL_Driver/Src/stm32f1xx_hal_cortex.o
 .debug_aranges
                0x00000000000004d8       0x58 Drivers/STM32F1xx_HAL_Driver/Src/stm32f1xx_hal_gpio.o
 .debug_aranges
                0x0000000000000530       0x90 Drivers/STM32F1xx_HAL_Driver/Src/stm32f1xx_hal_rcc.o

.debug_ranges   0x0000000000000000      0x4f8
 .debug_ranges  0x0000000000000000       0x58 Core/Src/MAX31865.o
 .debug_ranges  0x0000000000000058       0x28 Core/Src/can.o
 .debug_ranges  0x0000000000000080       0x10 Core/Src/gpio.o
 .debug_ranges  0x0000000000000090       0x20 Core/Src/main.o
 .debug_ranges  0x00000000000000b0       0x10 Core/Src/stm32f1xx_hal_msp.o
 .debug_ranges  0x00000000000000c0       0x50 Core/Src/stm32f1xx_it.o
 .debug_ranges  0x0000000000000110       0x18 Core/Src/system_stm32f1xx.o
 .debug_ranges  0x0000000000000128       0x20 Core/Startup/startup_stm32f103c8tx.o
 .debug_ranges  0x0000000000000148       0xd0 Drivers/STM32F1xx_HAL_Driver/Src/stm32f1xx_hal.o
 .debug_ranges  0x0000000000000218      0x128 Drivers/STM32F1xx_HAL_Driver/Src/stm32f1xx_hal_can.o
 .debug_ranges  0x0000000000000340       0xf0 Drivers/STM32F1xx_HAL_Driver/Src/stm32f1xx_hal_cortex.o
 .debug_ranges  0x0000000000000430       0x48 Drivers/STM32F1xx_HAL_Driver/Src/stm32f1xx_hal_gpio.o
 .debug_ranges  0x0000000000000478       0x80 Drivers/STM32F1xx_HAL_Driver/Src/stm32f1xx_hal_rcc.o

.debug_macro    0x0000000000000000    0x1654b
 .debug_macro   0x0000000000000000      0x19d Core/Src/MAX31865.o
 .debug_macro   0x000000000000019d      0xa9c Core/Src/MAX31865.o
 .debug_macro   0x0000000000000c39      0x215 Core/Src/MAX31865.o
 .debug_macro   0x0000000000000e4e       0x2e Core/Src/MAX31865.o
 .debug_macro   0x0000000000000e7c       0x22 Core/Src/MAX31865.o
 .debug_macro   0x0000000000000e9e       0x22 Core/Src/MAX31865.o
 .debug_macro   0x0000000000000ec0       0x8e Core/Src/MAX31865.o
 .debug_macro   0x0000000000000f4e       0x51 Core/Src/MAX31865.o
 .debug_macro   0x0000000000000f9f      0x103 Core/Src/MAX31865.o
 .debug_macro   0x00000000000010a2       0x6a Core/Src/MAX31865.o
 .debug_macro   0x000000000000110c      0x1df Core/Src/MAX31865.o
 .debug_macro   0x00000000000012eb       0x1c Core/Src/MAX31865.o
 .debug_macro   0x0000000000001307       0x22 Core/Src/MAX31865.o
 .debug_macro   0x0000000000001329       0xc3 Core/Src/MAX31865.o
 .debug_macro   0x00000000000013ec      0xd23 Core/Src/MAX31865.o
 .debug_macro   0x000000000000210f     0xe09e Core/Src/MAX31865.o
 .debug_macro   0x00000000000101ad       0x6d Core/Src/MAX31865.o
 .debug_macro   0x000000000001021a     0x3468 Core/Src/MAX31865.o
 .debug_macro   0x0000000000013682      0x174 Core/Src/MAX31865.o
 .debug_macro   0x00000000000137f6       0x5c Core/Src/MAX31865.o
 .debug_macro   0x0000000000013852      0x5be Core/Src/MAX31865.o
 .debug_macro   0x0000000000013e10      0x289 Core/Src/MAX31865.o
 .debug_macro   0x0000000000014099      0x1cb Core/Src/MAX31865.o
 .debug_macro   0x0000000000014264      0x114 Core/Src/MAX31865.o
 .debug_macro   0x0000000000014378      0x1b2 Core/Src/MAX31865.o
 .debug_macro   0x000000000001452a       0x27 Core/Src/MAX31865.o
 .debug_macro   0x0000000000014551      0x136 Core/Src/MAX31865.o
 .debug_macro   0x0000000000014687      0x1bc Core/Src/MAX31865.o
 .debug_macro   0x0000000000014843       0x34 Core/Src/MAX31865.o
 .debug_macro   0x0000000000014877       0x3c Core/Src/MAX31865.o
 .debug_macro   0x00000000000148b3      0x408 Core/Src/MAX31865.o
 .debug_macro   0x0000000000014cbb       0x57 Core/Src/MAX31865.o
 .debug_macro   0x0000000000014d12       0x88 Core/Src/MAX31865.o
 .debug_macro   0x0000000000014d9a      0x241 Core/Src/MAX31865.o
 .debug_macro   0x0000000000014fdb      0x141 Core/Src/MAX31865.o
 .debug_macro   0x000000000001511c       0x83 Core/Src/MAX31865.o
 .debug_macro   0x000000000001519f       0x58 Core/Src/MAX31865.o
 .debug_macro   0x00000000000151f7      0x1b0 Core/Src/can.o
 .debug_macro   0x00000000000153a7       0xa0 Core/Src/can.o
 .debug_macro   0x0000000000015447       0x5e Core/Src/can.o
 .debug_macro   0x00000000000154a5      0x1a7 Core/Src/gpio.o
 .debug_macro   0x000000000001564c      0x1be Core/Src/main.o
 .debug_macro   0x000000000001580a      0x19d Core/Src/stm32f1xx_hal_msp.o
 .debug_macro   0x00000000000159a7      0x1a7 Core/Src/stm32f1xx_it.o
 .debug_macro   0x0000000000015b4e      0x18e Core/Src/system_stm32f1xx.o
 .debug_macro   0x0000000000015cdc      0x1b2 Drivers/STM32F1xx_HAL_Driver/Src/stm32f1xx_hal.o
 .debug_macro   0x0000000000015e8e      0x196 Drivers/STM32F1xx_HAL_Driver/Src/stm32f1xx_hal_can.o
 .debug_macro   0x0000000000016024      0x18e Drivers/STM32F1xx_HAL_Driver/Src/stm32f1xx_hal_cortex.o
 .debug_macro   0x00000000000161b2      0x1f9 Drivers/STM32F1xx_HAL_Driver/Src/stm32f1xx_hal_gpio.o
 .debug_macro   0x00000000000163ab      0x1a0 Drivers/STM32F1xx_HAL_Driver/Src/stm32f1xx_hal_rcc.o

.debug_line     0x0000000000000000     0x6cc3
 .debug_line    0x0000000000000000      0x8ea Core/Src/MAX31865.o
 .debug_line    0x00000000000008ea      0x6f7 Core/Src/can.o
 .debug_line    0x0000000000000fe1      0x66e Core/Src/gpio.o
 .debug_line    0x000000000000164f      0x7af Core/Src/main.o
 .debug_line    0x0000000000001dfe      0x630 Core/Src/stm32f1xx_hal_msp.o
 .debug_line    0x000000000000242e      0x6f1 Core/Src/stm32f1xx_it.o
 .debug_line    0x0000000000002b1f      0x6ad Core/Src/system_stm32f1xx.o
 .debug_line    0x00000000000031cc       0x87 Core/Startup/startup_stm32f103c8tx.o
 .debug_line    0x0000000000003253      0x8da Drivers/STM32F1xx_HAL_Driver/Src/stm32f1xx_hal.o
 .debug_line    0x0000000000003b2d     0x107b Drivers/STM32F1xx_HAL_Driver/Src/stm32f1xx_hal_can.o
 .debug_line    0x0000000000004ba8      0xac2 Drivers/STM32F1xx_HAL_Driver/Src/stm32f1xx_hal_cortex.o
 .debug_line    0x000000000000566a      0x971 Drivers/STM32F1xx_HAL_Driver/Src/stm32f1xx_hal_gpio.o
 .debug_line    0x0000000000005fdb      0xce8 Drivers/STM32F1xx_HAL_Driver/Src/stm32f1xx_hal_rcc.o

.debug_str      0x0000000000000000    0x7e8f2
 .debug_str     0x0000000000000000    0x7cca1 Core/Src/MAX31865.o
                                      0x7cff1 (size before relaxing)
 .debug_str     0x000000000007cca1      0x6d6 Core/Src/can.o
                                      0x7d5e0 (size before relaxing)
 .debug_str     0x000000000007d377       0x48 Core/Src/gpio.o
                                      0x7d072 (size before relaxing)
 .debug_str     0x000000000007d3bf      0x178 Core/Src/main.o
                                      0x7d718 (size before relaxing)
 .debug_str     0x000000000007d537       0x50 Core/Src/stm32f1xx_hal_msp.o
                                      0x7d028 (size before relaxing)
 .debug_str     0x000000000007d587       0xbd Core/Src/stm32f1xx_it.o
                                      0x7d045 (size before relaxing)
 .debug_str     0x000000000007d644       0x52 Core/Src/system_stm32f1xx.o
                                      0x7cde5 (size before relaxing)
 .debug_str     0x000000000007d696       0x36 Core/Startup/startup_stm32f103c8tx.o
                                         0x7a (size before relaxing)
 .debug_str     0x000000000007d6cc      0x568 Drivers/STM32F1xx_HAL_Driver/Src/stm32f1xx_hal.o
                                      0x7d476 (size before relaxing)
 .debug_str     0x000000000007dc34      0x47d Drivers/STM32F1xx_HAL_Driver/Src/stm32f1xx_hal_can.o
                                      0x7d605 (size before relaxing)
 .debug_str     0x000000000007e0b1      0x2d8 Drivers/STM32F1xx_HAL_Driver/Src/stm32f1xx_hal_cortex.o
                                      0x7d47e (size before relaxing)
 .debug_str     0x000000000007e389      0x31f Drivers/STM32F1xx_HAL_Driver/Src/stm32f1xx_hal_gpio.o
                                      0x7d1a9 (size before relaxing)
 .debug_str     0x000000000007e6a8      0x24a Drivers/STM32F1xx_HAL_Driver/Src/stm32f1xx_hal_rcc.o
                                      0x7d1e2 (size before relaxing)

.comment        0x0000000000000000       0x53
 .comment       0x0000000000000000       0x53 Core/Src/MAX31865.o
                                         0x54 (size before relaxing)
 .comment       0x0000000000000053       0x54 Core/Src/can.o
 .comment       0x0000000000000053       0x54 Core/Src/gpio.o
 .comment       0x0000000000000053       0x54 Core/Src/main.o
 .comment       0x0000000000000053       0x54 Core/Src/stm32f1xx_hal_msp.o
 .comment       0x0000000000000053       0x54 Core/Src/stm32f1xx_it.o
 .comment       0x0000000000000053       0x54 Core/Src/system_stm32f1xx.o
 .comment       0x0000000000000053       0x54 Drivers/STM32F1xx_HAL_Driver/Src/stm32f1xx_hal.o
 .comment       0x0000000000000053       0x54 Drivers/STM32F1xx_HAL_Driver/Src/stm32f1xx_hal_can.o
 .comment       0x0000000000000053       0x54 Drivers/STM32F1xx_HAL_Driver/Src/stm32f1xx_hal_cortex.o
 .comment       0x0000000000000053       0x54 Drivers/STM32F1xx_HAL_Driver/Src/stm32f1xx_hal_gpio.o
 .comment       0x0000000000000053       0x54 Drivers/STM32F1xx_HAL_Driver/Src/stm32f1xx_hal_rcc.o

.debug_frame    0x0000000000000000     0x16c0
 .debug_frame   0x0000000000000000      0x17c Core/Src/MAX31865.o
 .debug_frame   0x000000000000017c       0x98 Core/Src/can.o
 .debug_frame   0x0000000000000214       0x34 Core/Src/gpio.o
 .debug_frame   0x0000000000000248       0x6c Core/Src/main.o
 .debug_frame   0x00000000000002b4       0x38 Core/Src/stm32f1xx_hal_msp.o
 .debug_frame   0x00000000000002ec      0x104 Core/Src/stm32f1xx_it.o
 .debug_frame   0x00000000000003f0       0x58 Core/Src/system_stm32f1xx.o
 .debug_frame   0x0000000000000448      0x334 Drivers/STM32F1xx_HAL_Driver/Src/stm32f1xx_hal.o
 .debug_frame   0x000000000000077c      0x5a0 Drivers/STM32F1xx_HAL_Driver/Src/stm32f1xx_hal_can.o
 .debug_frame   0x0000000000000d1c      0x428 Drivers/STM32F1xx_HAL_Driver/Src/stm32f1xx_hal_cortex.o
 .debug_frame   0x0000000000001144      0x14c Drivers/STM32F1xx_HAL_Driver/Src/stm32f1xx_hal_gpio.o
 .debug_frame   0x0000000000001290      0x21c Drivers/STM32F1xx_HAL_Driver/Src/stm32f1xx_hal_rcc.o
 .debug_frame   0x00000000000014ac       0x2c /opt/st/stm32cubeide_1.6.1_2/plugins/com.st.stm32cube.ide.mcu.externaltools.gnu-tools-for-stm32.9-2020-q2-update.linux64_1.5.0.202011040924/tools/bin/../lib/gcc/arm-none-eabi/9.3.1/../../../../arm-none-eabi/lib/thumb/v7-m/nofp/libc_nano.a(lib_a-init.o)
 .debug_frame   0x00000000000014d8       0x20 /opt/st/stm32cubeide_1.6.1_2/plugins/com.st.stm32cube.ide.mcu.externaltools.gnu-tools-for-stm32.9-2020-q2-update.linux64_1.5.0.202011040924/tools/bin/../lib/gcc/arm-none-eabi/9.3.1/../../../../arm-none-eabi/lib/thumb/v7-m/nofp/libc_nano.a(lib_a-memset.o)
 .debug_frame   0x00000000000014f8       0xac /opt/st/stm32cubeide_1.6.1_2/plugins/com.st.stm32cube.ide.mcu.externaltools.gnu-tools-for-stm32.9-2020-q2-update.linux64_1.5.0.202011040924/tools/bin/../lib/gcc/arm-none-eabi/9.3.1/thumb/v7-m/nofp/libgcc.a(_arm_addsubdf3.o)
 .debug_frame   0x00000000000015a4       0x50 /opt/st/stm32cubeide_1.6.1_2/plugins/com.st.stm32cube.ide.mcu.externaltools.gnu-tools-for-stm32.9-2020-q2-update.linux64_1.5.0.202011040924/tools/bin/../lib/gcc/arm-none-eabi/9.3.1/thumb/v7-m/nofp/libgcc.a(_arm_muldivdf3.o)
 .debug_frame   0x00000000000015f4       0x24 /opt/st/stm32cubeide_1.6.1_2/plugins/com.st.stm32cube.ide.mcu.externaltools.gnu-tools-for-stm32.9-2020-q2-update.linux64_1.5.0.202011040924/tools/bin/../lib/gcc/arm-none-eabi/9.3.1/thumb/v7-m/nofp/libgcc.a(_arm_truncdfsf2.o)
 .debug_frame   0x0000000000001618       0x4c /opt/st/stm32cubeide_1.6.1_2/plugins/com.st.stm32cube.ide.mcu.externaltools.gnu-tools-for-stm32.9-2020-q2-update.linux64_1.5.0.202011040924/tools/bin/../lib/gcc/arm-none-eabi/9.3.1/thumb/v7-m/nofp/libgcc.a(_arm_addsubsf3.o)
 .debug_frame   0x0000000000001664       0x38 /opt/st/stm32cubeide_1.6.1_2/plugins/com.st.stm32cube.ide.mcu.externaltools.gnu-tools-for-stm32.9-2020-q2-update.linux64_1.5.0.202011040924/tools/bin/../lib/gcc/arm-none-eabi/9.3.1/thumb/v7-m/nofp/libgcc.a(_arm_muldivsf3.o)
 .debug_frame   0x000000000000169c       0x24 /opt/st/stm32cubeide_1.6.1_2/plugins/com.st.stm32cube.ide.mcu.externaltools.gnu-tools-for-stm32.9-2020-q2-update.linux64_1.5.0.202011040924/tools/bin/../lib/gcc/arm-none-eabi/9.3.1/thumb/v7-m/nofp/libgcc.a(_arm_fixunssfsi.o)
